Units and locations in library 'D:\w\MCU_BuildTools\HC12\cw_hc12_Build_Tools_git_150907\CodeWarrior\lib\hc12c\lib\ansisi.lib'
Unit name         size     from       to
ALLOC.C.o         9201   120039   129240
ASSERT.C.o        3648      156     3804
CTYPE.C.o         9840     3804    13644
EMBEDDED.C.o     11152    13644    24796
HEAP.C.o          3922    24796    28718
INOUT.C.o         7580    28718    36298
LOCALE.C.o        4445    36298    40743
PRINTF.C.o       13532    40743    54275
SCANF.C.o        10392    54275    64667
SETJMP.C.o        3981   129240   133221
SIGNAL.C.o        4648    64667    69315
STDLIB.C.o       23816    69315    93131
STRING.C.o       20340    93131   113471
TERMINAL.C.o      6568   113471   120039
rtshc12.c.o      26635   133221   159856

EXPORTED OBJECTS
INOUT_ReadInt              F   (INOUT.C.o)
INOUT_TermChar             F   (INOUT.C.o)
INOUT_WriteInt             F   (INOUT.C.o)
INOUT_WriteLong            F   (INOUT.C.o)
TERMIO_GetChar             I   (EMBEDDED.C.o)
TERMIO_GetChar             I   (TERMINAL.C.o)
TERMIO_Init                I   (EMBEDDED.C.o)
TERMIO_PutChar             I   (EMBEDDED.C.o)
TERMIO_PutChar             I   (TERMINAL.C.o)
TERM_Direct                I   (EMBEDDED.C.o)
TERM_Direct                F   (TERMINAL.C.o)
TERM_Read                  I   (EMBEDDED.C.o)
TERM_Read                  I   (INOUT.C.o)
TERM_Read                  F   (TERMINAL.C.o)
TERM_ReadString            I   (EMBEDDED.C.o)
TERM_ReadString            F   (TERMINAL.C.o)
TERM_Write                 I   (EMBEDDED.C.o)
TERM_Write                 I   (INOUT.C.o)
TERM_Write                 F   (TERMINAL.C.o)
TERM_WriteLn               F   (TERMINAL.C.o)
TERM_WriteString           I   (EMBEDDED.C.o)
TERM_WriteString           F   (TERMINAL.C.o)
_BDIVMODS                  F   (rtshc12.c.o)
_BDIVMODU                  F   (rtshc12.c.o)
_BSHL                      F   (rtshc12.c.o)
_BSHRS                     F   (rtshc12.c.o)
_BSHRU                     F   (rtshc12.c.o)
_CASE_CHECKED              I   (SCANF.C.o)
_CASE_CHECKED              F   (rtshc12.c.o)
_CASE_CHECKED_BYTE         I   (SCANF.C.o)
_CASE_CHECKED_BYTE         F   (rtshc12.c.o)
_CASE_DIRECT               F   (rtshc12.c.o)
_CASE_DIRECT_BYTE          I   (PRINTF.C.o)
_CASE_DIRECT_BYTE          F   (rtshc12.c.o)
_CASE_SEARCH               F   (rtshc12.c.o)
_CASE_SEARCH_8             I   (PRINTF.C.o)
_CASE_SEARCH_8             I   (SCANF.C.o)
_CASE_SEARCH_8             F   (rtshc12.c.o)
_CASE_SEARCH_8_BYTE        I   (PRINTF.C.o)
_CASE_SEARCH_8_BYTE        F   (rtshc12.c.o)
_CASE_SEARCH_BYTE          F   (rtshc12.c.o)
_COPY                      F   (rtshc12.c.o)
_FCALL                     F   (rtshc12.c.o)
_FPCMP                     F   (rtshc12.c.o)
_ILSEXT                    I   (PRINTF.C.o)
_ILSEXT                    I   (SCANF.C.o)
_ILSEXT                    I   (STDLIB.C.o)
_ILSEXT                    F   (rtshc12.c.o)
_ISHL                      F   (rtshc12.c.o)
_ISHRS                     F   (rtshc12.c.o)
_ISHRU                     F   (rtshc12.c.o)
_LADD                      F   (rtshc12.c.o)
_LAND                      F   (rtshc12.c.o)
_LCMP                      F   (rtshc12.c.o)
_LCMP_P                    I   (PRINTF.C.o)
_LCMP_P                    I   (STDLIB.C.o)
_LCMP_P                    F   (rtshc12.c.o)
_LCMP_PP                   F   (rtshc12.c.o)
_LCOM                      F   (rtshc12.c.o)
_LDEC                      F   (rtshc12.c.o)
_LDIVS                     I   (INOUT.C.o)
_LDIVS                     I   (STDLIB.C.o)
_LDIVS                     F   (rtshc12.c.o)
_LDIVU                     I   (STDLIB.C.o)
_LDIVU                     F   (rtshc12.c.o)
_LINC                      F   (rtshc12.c.o)
_LMODS                     I   (INOUT.C.o)
_LMODS                     I   (STDLIB.C.o)
_LMODS                     F   (rtshc12.c.o)
_LMODU                     F   (rtshc12.c.o)
_LMUL                      F   (rtshc12.c.o)
_LMULS16x32                I   (STDLIB.C.o)
_LMULS16x32                F   (rtshc12.c.o)
_LMULU16x32                F   (rtshc12.c.o)
_LNEG                      I   (INOUT.C.o)
_LNEG                      I   (PRINTF.C.o)
_LNEG                      I   (STDLIB.C.o)
_LNEG                      F   (rtshc12.c.o)
_LOR                       F   (rtshc12.c.o)
_LSHL                      F   (rtshc12.c.o)
_LSHRS                     F   (rtshc12.c.o)
_LSHRU                     F   (rtshc12.c.o)
_LSUB                      F   (rtshc12.c.o)
_LXOR                      F   (rtshc12.c.o)
_NEG_P                     F   (rtshc12.c.o)
_PowOfTwo_16               O   (rtshc12.c.o)
_PowOfTwo_32               O   (rtshc12.c.o)
_PowOfTwo_8                O   (rtshc12.c.o)
_assert                    F   (ASSERT.C.o)
_ctype                     O   (CTYPE.C.o)
_dft_sig_handler           F   (SIGNAL.C.o)
_heap_                     I   (ALLOC.C.o)
_heap_                     O   (HEAP.C.o)
_heapcrash_                I   (ALLOC.C.o)
_heapcrash_                F   (HEAP.C.o)
_itoa                      F   (STDLIB.C.o)
_lDivMod                   F   (rtshc12.c.o)
_memcpy_8bitCount          F   (STRING.C.o)
_memset_clear_8bitCount    F   (STRING.C.o)
_setjmp                    F   (SETJMP.C.o)
_strtol                    I   (SCANF.C.o)
_strtol                    F   (STDLIB.C.o)
_strtoul                   F   (STDLIB.C.o)
abort                      I   (ASSERT.C.o)
abort                      F   (EMBEDDED.C.o)
abs                        F   (STDLIB.C.o)
atexit                     F   (STDLIB.C.o)
bsearch                    F   (STDLIB.C.o)
calloc                     F   (ALLOC.C.o)
channels                   O   (STDLIB.C.o)
clock                      F   (EMBEDDED.C.o)
div                        F   (STDLIB.C.o)
errno                      I   (SIGNAL.C.o)
errno                      I   (STDLIB.C.o)
errno                      O   (rtshc12.c.o)
exit                       F   (EMBEDDED.C.o)
fclose                     F   (EMBEDDED.C.o)
fflush                     F   (EMBEDDED.C.o)
fgetc                      F   (EMBEDDED.C.o)
fopen                      F   (EMBEDDED.C.o)
fprintf                    F   (EMBEDDED.C.o)
fputc                      F   (EMBEDDED.C.o)
fputs                      F   (EMBEDDED.C.o)
free                       F   (ALLOC.C.o)
getenv                     F   (STDLIB.C.o)
gets                       F   (EMBEDDED.C.o)
isalnum                    F   (CTYPE.C.o)
isalpha                    F   (CTYPE.C.o)
iscntrl                    F   (CTYPE.C.o)
isdigit                    F   (CTYPE.C.o)
isdigit                    I   (STDLIB.C.o)
isgraph                    F   (CTYPE.C.o)
islower                    F   (CTYPE.C.o)
isprint                    F   (CTYPE.C.o)
ispunct                    F   (CTYPE.C.o)
isspace                    F   (CTYPE.C.o)
isspace                    I   (SCANF.C.o)
isspace                    I   (STDLIB.C.o)
isupper                    F   (CTYPE.C.o)
isxdigit                   F   (CTYPE.C.o)
labs                       F   (STDLIB.C.o)
ldiv                       F   (STDLIB.C.o)
localeconv                 F   (LOCALE.C.o)
longjmp                    F   (SETJMP.C.o)
malloc                     F   (ALLOC.C.o)
mblen                      F   (STDLIB.C.o)
mbstowcs                   F   (STDLIB.C.o)
mbtowc                     F   (STDLIB.C.o)
memchr                     F   (STRING.C.o)
memcmp                     F   (STRING.C.o)
memcpy                     I   (ALLOC.C.o)
memcpy                     F   (STRING.C.o)
memcpy2                    F   (STRING.C.o)
memmove                    F   (STRING.C.o)
memset                     I   (ALLOC.C.o)
memset                     F   (STRING.C.o)
printf                     F   (EMBEDDED.C.o)
puts                       F   (EMBEDDED.C.o)
qsort                      F   (STDLIB.C.o)
raise                      F   (SIGNAL.C.o)
rand                       F   (STDLIB.C.o)
realloc                    F   (ALLOC.C.o)
remove                     F   (EMBEDDED.C.o)
scanf                      F   (EMBEDDED.C.o)
set_printf                 I   (EMBEDDED.C.o)
set_printf                 F   (PRINTF.C.o)
setlocale                  F   (LOCALE.C.o)
signal                     F   (SIGNAL.C.o)
snprintf                   F   (PRINTF.C.o)
sprintf                    F   (PRINTF.C.o)
srand                      F   (STDLIB.C.o)
sscanf                     F   (SCANF.C.o)
strcat                     F   (STRING.C.o)
strchr                     F   (STRING.C.o)
strcmp                     F   (STRING.C.o)
strcoll                    F   (STRING.C.o)
strcpy                     F   (STRING.C.o)
strcspn                    F   (STRING.C.o)
strerror                   F   (STRING.C.o)
strlen                     F   (STRING.C.o)
strncat                    F   (STRING.C.o)
strncmp                    F   (STRING.C.o)
strncpy                    F   (STRING.C.o)
strpbrk                    F   (STRING.C.o)
strrchr                    F   (STRING.C.o)
strset                     F   (STRING.C.o)
strspn                     F   (STRING.C.o)
strstr                     F   (STRING.C.o)
strtok                     F   (STRING.C.o)
strtol                     F   (STDLIB.C.o)
strtoul                    F   (STDLIB.C.o)
strxfrm                    F   (STRING.C.o)
system                     F   (STDLIB.C.o)
tolower                    F   (CTYPE.C.o)
toupper                    F   (CTYPE.C.o)
toupper                    I   (STDLIB.C.o)
vprintf                    I   (EMBEDDED.C.o)
vprintf                    F   (PRINTF.C.o)
vsnprintf                  F   (PRINTF.C.o)
vsprintf                   F   (PRINTF.C.o)
vsscanf                    I   (EMBEDDED.C.o)
vsscanf                    F   (SCANF.C.o)
wcstombs                   F   (STDLIB.C.o)
wctomb                     F   (STDLIB.C.o)
