Units and locations in library 'D:\w\MCU_BuildTools\HC12\cw_hc12_Build_Tools_git_150907\CodeWarrior\lib\xgatec\lib\ansi_xgi.lib'
Unit name              size     from       to
ALLOC.C.o             16754    61415    78169
ASSERT.C.o             4297      159     4456
CTYPE.C.o              9089     4456    13545
EMBEDDED.C.o          12721    13545    26266
HEAP.C.o               4642    26266    30908
INOUT.C.o             10129    30908    41037
LOCALE.C.o             4928    41037    45965
PRINTF.C.o            50089    78169   128258
SCANF.C.o             50381   128258   178639
SIGNAL.C.o             5589    55826    61415
STDLIB.C.o            49281   178639   227920
String.c.o            34149   227920   262069
TERMINAL.C.o           9861    45965    55826
rtsxgate.cxgate.o     10993   262069   273062

EXPORTED OBJECTS
_X__heap_                      I   (ALLOC.C.o)
_X__heap_                      O   (HEAP.C.o)
_X_channels                    O   (STDLIB.C.o)
__X_IDIVS                      I   (HEAP.C.o)
__X_IDIVS                      I   (INOUT.C.o)
__X_IDIVS                      I   (STDLIB.C.o)
__X_IDIVS                      F   (rtsxgate.cxgate.o)
__X_IDIVU                      I   (ALLOC.C.o)
__X_IDIVU                      I   (STDLIB.C.o)
__X_IDIVU                      F   (rtsxgate.cxgate.o)
__X_IMODS                      I   (INOUT.C.o)
__X_IMODS                      I   (STDLIB.C.o)
__X_IMODS                      F   (rtsxgate.cxgate.o)
__X_IMULU                      I   (ALLOC.C.o)
__X_IMULU                      I   (STDLIB.C.o)
__X_IMULU                      F   (rtsxgate.cxgate.o)
__X_IMULU_16x16r32             F   (rtsxgate.cxgate.o)
__X_INOUT_ReadInt              F   (INOUT.C.o)
__X_INOUT_TermChar             F   (INOUT.C.o)
__X_INOUT_WriteInt             F   (INOUT.C.o)
__X_INOUT_WriteLong            F   (INOUT.C.o)
__X_LASR                       F   (rtsxgate.cxgate.o)
__X_LDIVS                      I   (INOUT.C.o)
__X_LDIVS                      I   (STDLIB.C.o)
__X_LDIVS                      F   (rtsxgate.cxgate.o)
__X_LDIVU                      I   (STDLIB.C.o)
__X_LDIVU                      F   (rtsxgate.cxgate.o)
__X_LLSL                       F   (rtsxgate.cxgate.o)
__X_LLSR                       F   (rtsxgate.cxgate.o)
__X_LMODS                      I   (INOUT.C.o)
__X_LMODS                      I   (STDLIB.C.o)
__X_LMODS                      F   (rtsxgate.cxgate.o)
__X_LMULU                      I   (STDLIB.C.o)
__X_LMULU                      F   (rtsxgate.cxgate.o)
__X_TERMIO_GetChar             I   (EMBEDDED.C.o)
__X_TERMIO_GetChar             I   (TERMINAL.C.o)
__X_TERMIO_Init                I   (EMBEDDED.C.o)
__X_TERMIO_PutChar             I   (EMBEDDED.C.o)
__X_TERMIO_PutChar             I   (TERMINAL.C.o)
__X_TERM_Direct                I   (EMBEDDED.C.o)
__X_TERM_Direct                F   (TERMINAL.C.o)
__X_TERM_Read                  I   (EMBEDDED.C.o)
__X_TERM_Read                  I   (INOUT.C.o)
__X_TERM_Read                  F   (TERMINAL.C.o)
__X_TERM_ReadString            I   (EMBEDDED.C.o)
__X_TERM_ReadString            F   (TERMINAL.C.o)
__X_TERM_Write                 I   (EMBEDDED.C.o)
__X_TERM_Write                 I   (INOUT.C.o)
__X_TERM_Write                 F   (TERMINAL.C.o)
__X_TERM_WriteLn               F   (TERMINAL.C.o)
__X_TERM_WriteString           I   (EMBEDDED.C.o)
__X_TERM_WriteString           F   (TERMINAL.C.o)
__X__assert                    F   (ASSERT.C.o)
__X__dft_sig_handler           F   (SIGNAL.C.o)
__X__heapcrash_                I   (ALLOC.C.o)
__X__heapcrash_                F   (HEAP.C.o)
__X__itoa                      F   (STDLIB.C.o)
__X__memcpy_8bitCount          F   (String.c.o)
__X__memset_clear_8bitCount    F   (String.c.o)
__X__strtol                    I   (SCANF.C.o)
__X__strtol                    F   (STDLIB.C.o)
__X__strtoul                   F   (STDLIB.C.o)
__X_abort                      I   (ASSERT.C.o)
__X_abort                      F   (EMBEDDED.C.o)
__X_abs                        F   (STDLIB.C.o)
__X_atexit                     F   (STDLIB.C.o)
__X_bsearch                    F   (STDLIB.C.o)
__X_calloc                     F   (ALLOC.C.o)
__X_clock                      F   (EMBEDDED.C.o)
__X_div                        F   (STDLIB.C.o)
__X_exit                       F   (EMBEDDED.C.o)
__X_fclose                     F   (EMBEDDED.C.o)
__X_fflush                     F   (EMBEDDED.C.o)
__X_fgetc                      F   (EMBEDDED.C.o)
__X_fopen                      F   (EMBEDDED.C.o)
__X_fprintf                    F   (EMBEDDED.C.o)
__X_fputc                      F   (EMBEDDED.C.o)
__X_fputs                      F   (EMBEDDED.C.o)
__X_free                       F   (ALLOC.C.o)
__X_getenv                     F   (STDLIB.C.o)
__X_gets                       F   (EMBEDDED.C.o)
__X_isalnum                    F   (CTYPE.C.o)
__X_isalpha                    F   (CTYPE.C.o)
__X_iscntrl                    F   (CTYPE.C.o)
__X_isdigit                    F   (CTYPE.C.o)
__X_isdigit                    I   (STDLIB.C.o)
__X_isgraph                    F   (CTYPE.C.o)
__X_islower                    F   (CTYPE.C.o)
__X_isprint                    F   (CTYPE.C.o)
__X_ispunct                    F   (CTYPE.C.o)
__X_isspace                    F   (CTYPE.C.o)
__X_isspace                    I   (SCANF.C.o)
__X_isspace                    I   (STDLIB.C.o)
__X_isupper                    F   (CTYPE.C.o)
__X_isxdigit                   F   (CTYPE.C.o)
__X_labs                       F   (STDLIB.C.o)
__X_ldiv                       F   (STDLIB.C.o)
__X_localeconv                 F   (LOCALE.C.o)
__X_malloc                     F   (ALLOC.C.o)
__X_mblen                      F   (STDLIB.C.o)
__X_mbstowcs                   F   (STDLIB.C.o)
__X_mbtowc                     F   (STDLIB.C.o)
__X_memchr                     F   (String.c.o)
__X_memcmp                     F   (String.c.o)
__X_memcpy                     I   (ALLOC.C.o)
__X_memcpy                     F   (String.c.o)
__X_memcpy2                    F   (String.c.o)
__X_memmove                    F   (String.c.o)
__X_memset                     I   (ALLOC.C.o)
__X_memset                     F   (String.c.o)
__X_printf                     F   (EMBEDDED.C.o)
__X_puts                       F   (EMBEDDED.C.o)
__X_qsort                      F   (STDLIB.C.o)
__X_raise                      F   (SIGNAL.C.o)
__X_rand                       F   (STDLIB.C.o)
__X_realloc                    F   (ALLOC.C.o)
__X_remove                     F   (EMBEDDED.C.o)
__X_scanf                      F   (EMBEDDED.C.o)
__X_set_printf                 I   (EMBEDDED.C.o)
__X_set_printf                 F   (PRINTF.C.o)
__X_setlocale                  F   (LOCALE.C.o)
__X_signal                     F   (SIGNAL.C.o)
__X_snprintf                   F   (PRINTF.C.o)
__X_sprintf                    F   (PRINTF.C.o)
__X_srand                      F   (STDLIB.C.o)
__X_sscanf                     F   (SCANF.C.o)
__X_strcat                     F   (String.c.o)
__X_strchr                     F   (String.c.o)
__X_strcmp                     F   (String.c.o)
__X_strcoll                    F   (String.c.o)
__X_strcpy                     F   (String.c.o)
__X_strcspn                    F   (String.c.o)
__X_strerror                   F   (String.c.o)
__X_strlen                     F   (String.c.o)
__X_strncat                    F   (String.c.o)
__X_strncmp                    F   (String.c.o)
__X_strncpy                    F   (String.c.o)
__X_strpbrk                    F   (String.c.o)
__X_strrchr                    F   (String.c.o)
__X_strset                     F   (String.c.o)
__X_strspn                     F   (String.c.o)
__X_strstr                     F   (String.c.o)
__X_strtok                     F   (String.c.o)
__X_strtol                     F   (STDLIB.C.o)
__X_strtoul                    F   (STDLIB.C.o)
__X_strxfrm                    F   (String.c.o)
__X_system                     F   (STDLIB.C.o)
__X_tolower                    F   (CTYPE.C.o)
__X_toupper                    F   (CTYPE.C.o)
__X_toupper                    I   (STDLIB.C.o)
__X_vprintf                    I   (EMBEDDED.C.o)
__X_vprintf                    F   (PRINTF.C.o)
__X_vsnprintf                  F   (PRINTF.C.o)
__X_vsprintf                   F   (PRINTF.C.o)
__X_vsscanf                    I   (EMBEDDED.C.o)
__X_vsscanf                    F   (SCANF.C.o)
__X_wcstombs                   F   (STDLIB.C.o)
__X_wctomb                     F   (STDLIB.C.o)
_ctype                         O   (CTYPE.C.o)
errno                          I   (SIGNAL.C.o)
errno                          I   (STDLIB.C.o)
errno                          O   (rtsxgate.cxgate.o)
