Units and locations in library 'D:\w\MCU_BuildTools\HC12\cw_hc12_Build_Tools_git_150907\CodeWarrior\lib\xgatec\lib\ansi_xg.lib'
Unit name              size     from       to
ALLOC.C.o             16734    61234    77968
ASSERT.C.o             4273      158     4431
CTYPE.C.o              9065     4431    13496
EMBEDDED.C.o          12697    13496    26193
HEAP.C.o               4622    26193    30815
INOUT.C.o             10105    30815    40920
LOCALE.C.o             4908    40920    45828
Math.c.o              82673   354033   436706
Mathf.c.o             18565   436706   455271
PRINTF.C.o            89473    77968   167441
SCANF.C.o             51861   167441   219302
SIGNAL.C.o             5569    55665    61234
STDLIB.C.o            80805   219302   300107
String.c.o            34125   300107   334232
TERMINAL.C.o           9837    45828    55665
rtsxgate.cxgate.o     19801   334232   354033

EXPORTED OBJECTS
_X__heap_                      I   (ALLOC.C.o)
_X__heap_                      O   (HEAP.C.o)
_X_channels                    O   (STDLIB.C.o)
__X_FADD                       I   (Math.c.o)
__X_FADD                       I   (PRINTF.C.o)
__X_FADD                       I   (STDLIB.C.o)
__X_FADD                       F   (rtsxgate.cxgate.o)
__X_FCMP                       I   (Math.c.o)
__X_FCMP                       I   (PRINTF.C.o)
__X_FCMP                       I   (STDLIB.C.o)
__X_FCMP                       F   (rtsxgate.cxgate.o)
__X_FDIV                       I   (Math.c.o)
__X_FDIV                       I   (STDLIB.C.o)
__X_FDIV                       F   (rtsxgate.cxgate.o)
__X_FMUL                       I   (Math.c.o)
__X_FMUL                       I   (PRINTF.C.o)
__X_FMUL                       I   (STDLIB.C.o)
__X_FMUL                       F   (rtsxgate.cxgate.o)
__X_FNEG                       I   (Math.c.o)
__X_FNEG                       I   (PRINTF.C.o)
__X_FNEG                       I   (STDLIB.C.o)
__X_FNEG                       F   (rtsxgate.cxgate.o)
__X_FSFLOAT                    I   (Math.c.o)
__X_FSFLOAT                    I   (STDLIB.C.o)
__X_FSFLOAT                    F   (rtsxgate.cxgate.o)
__X_FSTRUNC                    I   (Math.c.o)
__X_FSTRUNC                    F   (rtsxgate.cxgate.o)
__X_FSUB                       I   (Math.c.o)
__X_FSUB                       I   (PRINTF.C.o)
__X_FSUB                       I   (STDLIB.C.o)
__X_FSUB                       F   (rtsxgate.cxgate.o)
__X_FUFLOAT                    I   (PRINTF.C.o)
__X_FUFLOAT                    I   (STDLIB.C.o)
__X_FUFLOAT                    F   (rtsxgate.cxgate.o)
__X_FUTRUNC                    I   (Math.c.o)
__X_FUTRUNC                    I   (PRINTF.C.o)
__X_FUTRUNC                    F   (rtsxgate.cxgate.o)
__X_IDIVS                      I   (HEAP.C.o)
__X_IDIVS                      I   (INOUT.C.o)
__X_IDIVS                      I   (PRINTF.C.o)
__X_IDIVS                      I   (STDLIB.C.o)
__X_IDIVS                      F   (rtsxgate.cxgate.o)
__X_IDIVU                      I   (ALLOC.C.o)
__X_IDIVU                      I   (STDLIB.C.o)
__X_IDIVU                      F   (rtsxgate.cxgate.o)
__X_IMODS                      I   (INOUT.C.o)
__X_IMODS                      I   (PRINTF.C.o)
__X_IMODS                      I   (STDLIB.C.o)
__X_IMODS                      F   (rtsxgate.cxgate.o)
__X_IMULU                      I   (ALLOC.C.o)
__X_IMULU                      I   (STDLIB.C.o)
__X_IMULU                      F   (rtsxgate.cxgate.o)
__X_IMULU_16x16r32             F   (rtsxgate.cxgate.o)
__X_INOUT_ReadInt              F   (INOUT.C.o)
__X_INOUT_TermChar             F   (INOUT.C.o)
__X_INOUT_WriteInt             F   (INOUT.C.o)
__X_INOUT_WriteLong            F   (INOUT.C.o)
__X_LASR                       F   (rtsxgate.cxgate.o)
__X_LDIVS                      I   (INOUT.C.o)
__X_LDIVS                      I   (STDLIB.C.o)
__X_LDIVS                      F   (rtsxgate.cxgate.o)
__X_LDIVU                      I   (PRINTF.C.o)
__X_LDIVU                      I   (STDLIB.C.o)
__X_LDIVU                      F   (rtsxgate.cxgate.o)
__X_LLSL                       F   (rtsxgate.cxgate.o)
__X_LLSR                       F   (rtsxgate.cxgate.o)
__X_LMODS                      I   (INOUT.C.o)
__X_LMODS                      I   (STDLIB.C.o)
__X_LMODS                      F   (rtsxgate.cxgate.o)
__X_LMULU                      I   (STDLIB.C.o)
__X_LMULU                      F   (rtsxgate.cxgate.o)
__X_TERMIO_GetChar             I   (EMBEDDED.C.o)
__X_TERMIO_GetChar             I   (TERMINAL.C.o)
__X_TERMIO_Init                I   (EMBEDDED.C.o)
__X_TERMIO_PutChar             I   (EMBEDDED.C.o)
__X_TERMIO_PutChar             I   (TERMINAL.C.o)
__X_TERM_Direct                I   (EMBEDDED.C.o)
__X_TERM_Direct                F   (TERMINAL.C.o)
__X_TERM_Read                  I   (EMBEDDED.C.o)
__X_TERM_Read                  I   (INOUT.C.o)
__X_TERM_Read                  F   (TERMINAL.C.o)
__X_TERM_ReadString            I   (EMBEDDED.C.o)
__X_TERM_ReadString            F   (TERMINAL.C.o)
__X_TERM_Write                 I   (EMBEDDED.C.o)
__X_TERM_Write                 I   (INOUT.C.o)
__X_TERM_Write                 F   (TERMINAL.C.o)
__X_TERM_WriteLn               F   (TERMINAL.C.o)
__X_TERM_WriteString           I   (EMBEDDED.C.o)
__X_TERM_WriteString           F   (TERMINAL.C.o)
__X__assert                    F   (ASSERT.C.o)
__X__dft_sig_handler           F   (SIGNAL.C.o)
__X__heapcrash_                I   (ALLOC.C.o)
__X__heapcrash_                F   (HEAP.C.o)
__X__itoa                      F   (STDLIB.C.o)
__X__memcpy_8bitCount          F   (String.c.o)
__X__memset_clear_8bitCount    F   (String.c.o)
__X__strtod                    I   (SCANF.C.o)
__X__strtod                    F   (STDLIB.C.o)
__X__strtol                    I   (SCANF.C.o)
__X__strtol                    F   (STDLIB.C.o)
__X__strtoul                   F   (STDLIB.C.o)
__X_abort                      I   (ASSERT.C.o)
__X_abort                      F   (EMBEDDED.C.o)
__X_abs                        F   (STDLIB.C.o)
__X_acos                       F   (Math.c.o)
__X_acos                       I   (Mathf.c.o)
__X_acosf                      F   (Mathf.c.o)
__X_asin                       F   (Math.c.o)
__X_asin                       I   (Mathf.c.o)
__X_asinf                      F   (Mathf.c.o)
__X_atan                       F   (Math.c.o)
__X_atan                       I   (Mathf.c.o)
__X_atan2                      F   (Math.c.o)
__X_atan2                      I   (Mathf.c.o)
__X_atan2f                     F   (Mathf.c.o)
__X_atanf                      F   (Mathf.c.o)
__X_atexit                     F   (STDLIB.C.o)
__X_bsearch                    F   (STDLIB.C.o)
__X_calloc                     F   (ALLOC.C.o)
__X_ceil                       F   (Math.c.o)
__X_ceil                       I   (Mathf.c.o)
__X_ceilf                      F   (Mathf.c.o)
__X_clock                      F   (EMBEDDED.C.o)
__X_cos                        F   (Math.c.o)
__X_cos                        I   (Mathf.c.o)
__X_cosf                       F   (Mathf.c.o)
__X_cosh                       F   (Math.c.o)
__X_cosh                       I   (Mathf.c.o)
__X_coshf                      F   (Mathf.c.o)
__X_div                        F   (STDLIB.C.o)
__X_exit                       F   (EMBEDDED.C.o)
__X_exp                        F   (Math.c.o)
__X_exp                        I   (Mathf.c.o)
__X_exp_r                      F   (Math.c.o)
__X_exp_r                      I   (Mathf.c.o)
__X_expf                       F   (Mathf.c.o)
__X_expf_r                     F   (Mathf.c.o)
__X_fabs                       F   (Math.c.o)
__X_fabs                       I   (Mathf.c.o)
__X_fabsf                      F   (Mathf.c.o)
__X_fclose                     F   (EMBEDDED.C.o)
__X_fflush                     F   (EMBEDDED.C.o)
__X_fgetc                      F   (EMBEDDED.C.o)
__X_floor                      F   (Math.c.o)
__X_floor                      I   (Mathf.c.o)
__X_floorf                     F   (Mathf.c.o)
__X_fmod                       F   (Math.c.o)
__X_fmod                       I   (Mathf.c.o)
__X_fmodf                      F   (Mathf.c.o)
__X_fopen                      F   (EMBEDDED.C.o)
__X_fprintf                    F   (EMBEDDED.C.o)
__X_fputc                      F   (EMBEDDED.C.o)
__X_fputs                      F   (EMBEDDED.C.o)
__X_free                       F   (ALLOC.C.o)
__X_frexp                      I   (Math.c.o)
__X_frexp                      I   (PRINTF.C.o)
__X_frexp                      F   (rtsxgate.cxgate.o)
__X_getenv                     F   (STDLIB.C.o)
__X_gets                       F   (EMBEDDED.C.o)
__X_isalnum                    F   (CTYPE.C.o)
__X_isalpha                    F   (CTYPE.C.o)
__X_iscntrl                    F   (CTYPE.C.o)
__X_isdigit                    F   (CTYPE.C.o)
__X_isdigit                    I   (STDLIB.C.o)
__X_isgraph                    F   (CTYPE.C.o)
__X_islower                    F   (CTYPE.C.o)
__X_isprint                    F   (CTYPE.C.o)
__X_ispunct                    F   (CTYPE.C.o)
__X_isspace                    F   (CTYPE.C.o)
__X_isspace                    I   (SCANF.C.o)
__X_isspace                    I   (STDLIB.C.o)
__X_isupper                    F   (CTYPE.C.o)
__X_isxdigit                   F   (CTYPE.C.o)
__X_labs                       F   (STDLIB.C.o)
__X_ldexp                      I   (Math.c.o)
__X_ldexp                      F   (rtsxgate.cxgate.o)
__X_ldiv                       F   (STDLIB.C.o)
__X_localeconv                 F   (LOCALE.C.o)
__X_log                        F   (Math.c.o)
__X_log                        I   (Mathf.c.o)
__X_log10                      F   (Math.c.o)
__X_log10                      I   (Mathf.c.o)
__X_log10f                     F   (Mathf.c.o)
__X_log_r                      F   (Math.c.o)
__X_log_r                      I   (Mathf.c.o)
__X_logf                       F   (Mathf.c.o)
__X_logf_r                     F   (Mathf.c.o)
__X_malloc                     F   (ALLOC.C.o)
__X_mblen                      F   (STDLIB.C.o)
__X_mbstowcs                   F   (STDLIB.C.o)
__X_mbtowc                     F   (STDLIB.C.o)
__X_memchr                     F   (String.c.o)
__X_memcmp                     F   (String.c.o)
__X_memcpy                     I   (ALLOC.C.o)
__X_memcpy                     F   (String.c.o)
__X_memcpy2                    F   (String.c.o)
__X_memmove                    F   (String.c.o)
__X_memset                     I   (ALLOC.C.o)
__X_memset                     F   (String.c.o)
__X_modf                       I   (Math.c.o)
__X_modf                       F   (rtsxgate.cxgate.o)
__X_pow                        F   (Math.c.o)
__X_pow                        I   (Mathf.c.o)
__X_pow_i                      F   (Math.c.o)
__X_pow_i                      I   (Mathf.c.o)
__X_powf                       F   (Mathf.c.o)
__X_powf_i                     F   (Mathf.c.o)
__X_printf                     F   (EMBEDDED.C.o)
__X_puts                       F   (EMBEDDED.C.o)
__X_qsort                      F   (STDLIB.C.o)
__X_raise                      F   (SIGNAL.C.o)
__X_rand                       F   (STDLIB.C.o)
__X_realloc                    F   (ALLOC.C.o)
__X_remove                     F   (EMBEDDED.C.o)
__X_scanf                      F   (EMBEDDED.C.o)
__X_set_printf                 I   (EMBEDDED.C.o)
__X_set_printf                 F   (PRINTF.C.o)
__X_setlocale                  F   (LOCALE.C.o)
__X_signal                     F   (SIGNAL.C.o)
__X_sin                        F   (Math.c.o)
__X_sin                        I   (Mathf.c.o)
__X_sincos                     F   (Math.c.o)
__X_sincos                     I   (Mathf.c.o)
__X_sincosf                    F   (Mathf.c.o)
__X_sinf                       F   (Mathf.c.o)
__X_sinh                       F   (Math.c.o)
__X_sinh                       I   (Mathf.c.o)
__X_sinhf                      F   (Mathf.c.o)
__X_sncsh                      F   (Math.c.o)
__X_sncsh                      I   (Mathf.c.o)
__X_sncshf                     F   (Mathf.c.o)
__X_snprintf                   F   (PRINTF.C.o)
__X_sprintf                    F   (PRINTF.C.o)
__X_sqrt                       F   (Math.c.o)
__X_sqrt                       I   (Mathf.c.o)
__X_sqrt_r                     F   (Math.c.o)
__X_sqrt_r                     I   (Mathf.c.o)
__X_sqrtf                      F   (Mathf.c.o)
__X_sqrtf_r                    F   (Mathf.c.o)
__X_srand                      F   (STDLIB.C.o)
__X_sscanf                     F   (SCANF.C.o)
__X_strcat                     F   (String.c.o)
__X_strchr                     F   (String.c.o)
__X_strcmp                     F   (String.c.o)
__X_strcoll                    F   (String.c.o)
__X_strcpy                     F   (String.c.o)
__X_strcspn                    F   (String.c.o)
__X_strerror                   F   (String.c.o)
__X_strlen                     F   (String.c.o)
__X_strncat                    F   (String.c.o)
__X_strncmp                    F   (String.c.o)
__X_strncpy                    F   (String.c.o)
__X_strpbrk                    F   (String.c.o)
__X_strrchr                    F   (String.c.o)
__X_strset                     F   (String.c.o)
__X_strspn                     F   (String.c.o)
__X_strstr                     F   (String.c.o)
__X_strtod                     F   (STDLIB.C.o)
__X_strtok                     F   (String.c.o)
__X_strtol                     F   (STDLIB.C.o)
__X_strtoul                    F   (STDLIB.C.o)
__X_strxfrm                    F   (String.c.o)
__X_system                     F   (STDLIB.C.o)
__X_tan                        F   (Math.c.o)
__X_tan                        I   (Mathf.c.o)
__X_tanf                       F   (Mathf.c.o)
__X_tanh                       F   (Math.c.o)
__X_tanh                       I   (Mathf.c.o)
__X_tanhf                      F   (Mathf.c.o)
__X_tolower                    F   (CTYPE.C.o)
__X_toupper                    F   (CTYPE.C.o)
__X_toupper                    I   (STDLIB.C.o)
__X_vprintf                    I   (EMBEDDED.C.o)
__X_vprintf                    F   (PRINTF.C.o)
__X_vsnprintf                  F   (PRINTF.C.o)
__X_vsprintf                   F   (PRINTF.C.o)
__X_vsscanf                    I   (EMBEDDED.C.o)
__X_vsscanf                    F   (SCANF.C.o)
__X_wcstombs                   F   (STDLIB.C.o)
__X_wctomb                     F   (STDLIB.C.o)
_ctype                         O   (CTYPE.C.o)
errno                          I   (Math.c.o)
errno                          I   (SIGNAL.C.o)
errno                          I   (STDLIB.C.o)
errno                          O   (rtsxgate.cxgate.o)
x_infinity                     O   (Math.c.o)
x_infinity                     I   (STDLIB.C.o)
